Archive member included to satisfy reference by file (symbol)

c:/program files (x86)/gnu tools arm embedded/5.4 2016q3/bin/../lib/gcc/arm-none-eabi/5.4.1/armv7e-m\libgcc.a(_arm_addsubdf3.o)
                              ..\obj\main.o (__aeabi_i2d)
c:/program files (x86)/gnu tools arm embedded/5.4 2016q3/bin/../lib/gcc/arm-none-eabi/5.4.1/armv7e-m\libgcc.a(_arm_muldivdf3.o)
                              ..\obj\main.o (__aeabi_dmul)
c:/program files (x86)/gnu tools arm embedded/5.4 2016q3/bin/../lib/gcc/arm-none-eabi/5.4.1/armv7e-m\libgcc.a(_arm_fixunsdfsi.o)
                              ..\obj\main.o (__aeabi_d2uiz)
c:/program files (x86)/gnu tools arm embedded/5.4 2016q3/bin/../lib/gcc/arm-none-eabi/5.4.1/armv7e-m\libgcc.a(_arm_addsubsf3.o)
                              ..\obj\main.o (__aeabi_ui2f)
c:/program files (x86)/gnu tools arm embedded/5.4 2016q3/bin/../lib/gcc/arm-none-eabi/5.4.1/armv7e-m\libgcc.a(_arm_muldivsf3.o)
                              ..\obj\main.o (__aeabi_fdiv)
c:/program files (x86)/gnu tools arm embedded/5.4 2016q3/bin/../lib/gcc/arm-none-eabi/5.4.1/armv7e-m\libgcc.a(_arm_fixsfsi.o)
                              ..\obj\main.o (__aeabi_f2iz)

Allocating common symbols
Common symbol       size              file

PeriodValue         0x4               ..\obj\main.o
lData               0x2               ..\obj\main.o
Distance_2          0x4               ..\obj\main.o
TIM4_CNT            0x2               ..\obj\main.o
Time_2              0x4               ..\obj\main.o
hData               0x2               ..\obj\main.o
TIM3_CNT            0x2               ..\obj\main.o
GPIO_InitStructure  0x8               ..\obj\main.o
Distance_1          0x4               ..\obj\main.o
Time_1              0x4               ..\obj\main.o
RoundedUpPeriodValue
                    0x4               ..\obj\main.o
Sample              0x2               ..\obj\main.o

Discarded input sections

 .text          0x00000000        0x0 ..\obj\stm32f4xx_syscfg.o
 .data          0x00000000        0x0 ..\obj\stm32f4xx_syscfg.o
 .bss           0x00000000        0x0 ..\obj\stm32f4xx_syscfg.o
 .text.SYSCFG_DeInit
                0x00000000       0x1c ..\obj\stm32f4xx_syscfg.o
 .text.SYSCFG_MemoryRemapConfig
                0x00000000       0x20 ..\obj\stm32f4xx_syscfg.o
 .text.SYSCFG_ETH_MediaInterfaceConfig
                0x00000000       0x1c ..\obj\stm32f4xx_syscfg.o
 .text.SYSCFG_CompensationCellCmd
                0x00000000       0x20 ..\obj\stm32f4xx_syscfg.o
 .text.SYSCFG_GetCompensationCellStatus
                0x00000000       0x30 ..\obj\stm32f4xx_syscfg.o
 .text          0x00000000        0x0 ..\obj\stm32f4xx_dac.o
 .data          0x00000000        0x0 ..\obj\stm32f4xx_dac.o
 .bss           0x00000000        0x0 ..\obj\stm32f4xx_dac.o
 .text.DAC_DeInit
                0x00000000       0x1c ..\obj\stm32f4xx_dac.o
 .text.DAC_Init
                0x00000000       0x64 ..\obj\stm32f4xx_dac.o
 .text.DAC_StructInit
                0x00000000       0x2c ..\obj\stm32f4xx_dac.o
 .text.DAC_Cmd  0x00000000       0x48 ..\obj\stm32f4xx_dac.o
 .text.DAC_SoftwareTriggerCmd
                0x00000000       0x4c ..\obj\stm32f4xx_dac.o
 .text.DAC_DualSoftwareTriggerCmd
                0x00000000       0x38 ..\obj\stm32f4xx_dac.o
 .text.DAC_WaveGenerationCmd
                0x00000000       0x4c ..\obj\stm32f4xx_dac.o
 .text.DAC_SetChannel1Data
                0x00000000       0x34 ..\obj\stm32f4xx_dac.o
 .text.DAC_SetChannel2Data
                0x00000000       0x34 ..\obj\stm32f4xx_dac.o
 .text.DAC_SetDualChannelData
                0x00000000       0x58 ..\obj\stm32f4xx_dac.o
 .text.DAC_GetDataOutputValue
                0x00000000       0x30 ..\obj\stm32f4xx_dac.o
 .text.DAC_DMACmd
                0x00000000       0x4c ..\obj\stm32f4xx_dac.o
 .text.DAC_ITConfig
                0x00000000       0x4c ..\obj\stm32f4xx_dac.o
 .text.DAC_GetFlagStatus
                0x00000000       0x3c ..\obj\stm32f4xx_dac.o
 .text.DAC_ClearFlag
                0x00000000       0x24 ..\obj\stm32f4xx_dac.o
 .text.DAC_GetITStatus
                0x00000000       0x54 ..\obj\stm32f4xx_dac.o
 .text.DAC_ClearITPendingBit
                0x00000000       0x24 ..\obj\stm32f4xx_dac.o
 .debug_info    0x00000000      0x642 ..\obj\stm32f4xx_dac.o
 .debug_abbrev  0x00000000      0x17e ..\obj\stm32f4xx_dac.o
 .debug_aranges
                0x00000000       0xa0 ..\obj\stm32f4xx_dac.o
 .debug_ranges  0x00000000       0x90 ..\obj\stm32f4xx_dac.o
 .debug_line    0x00000000      0x34a ..\obj\stm32f4xx_dac.o
 .debug_str     0x00000000      0x449 ..\obj\stm32f4xx_dac.o
 .comment       0x00000000       0x6f ..\obj\stm32f4xx_dac.o
 .debug_frame   0x00000000      0x2ac ..\obj\stm32f4xx_dac.o
 .ARM.attributes
                0x00000000       0x33 ..\obj\stm32f4xx_dac.o
 .text          0x00000000        0x0 ..\obj\startup_stm32f4xx.o
 .data          0x00000000        0x0 ..\obj\startup_stm32f4xx.o
 .bss           0x00000000        0x0 ..\obj\startup_stm32f4xx.o
 .text          0x00000000        0x0 ..\obj\main.o
 .text          0x00000000        0x0 ..\obj\stm32f4xx_rcc.o
 .bss           0x00000000        0x0 ..\obj\stm32f4xx_rcc.o
 .text.RCC_DeInit
                0x00000000       0x50 ..\obj\stm32f4xx_rcc.o
 .text.RCC_HSEConfig
                0x00000000       0x24 ..\obj\stm32f4xx_rcc.o
 .text.RCC_WaitForHSEStartUp
                0x00000000       0x50 ..\obj\stm32f4xx_rcc.o
 .text.RCC_AdjustHSICalibrationValue
                0x00000000       0x3c ..\obj\stm32f4xx_rcc.o
 .text.RCC_HSICmd
                0x00000000       0x20 ..\obj\stm32f4xx_rcc.o
 .text.RCC_LSEConfig
                0x00000000       0x40 ..\obj\stm32f4xx_rcc.o
 .text.RCC_LSICmd
                0x00000000       0x20 ..\obj\stm32f4xx_rcc.o
 .text.RCC_PLLConfig
                0x00000000       0x3c ..\obj\stm32f4xx_rcc.o
 .text.RCC_PLLCmd
                0x00000000       0x20 ..\obj\stm32f4xx_rcc.o
 .text.RCC_PLLI2SConfig
                0x00000000       0x28 ..\obj\stm32f4xx_rcc.o
 .text.RCC_ClockSecuritySystemCmd
                0x00000000       0x20 ..\obj\stm32f4xx_rcc.o
 .text.RCC_MCO1Config
                0x00000000       0x3c ..\obj\stm32f4xx_rcc.o
 .text.RCC_MCO2Config
                0x00000000       0x3c ..\obj\stm32f4xx_rcc.o
 .text.RCC_SYSCLKConfig
                0x00000000       0x38 ..\obj\stm32f4xx_rcc.o
 .text.RCC_GetSYSCLKSource
                0x00000000       0x1c ..\obj\stm32f4xx_rcc.o
 .text.RCC_HCLKConfig
                0x00000000       0x38 ..\obj\stm32f4xx_rcc.o
 .text.RCC_PCLK1Config
                0x00000000       0x38 ..\obj\stm32f4xx_rcc.o
 .text.RCC_PCLK2Config
                0x00000000       0x38 ..\obj\stm32f4xx_rcc.o
 .text.RCC_RTCCLKConfig
                0x00000000       0x5c ..\obj\stm32f4xx_rcc.o
 .text.RCC_RTCCLKCmd
                0x00000000       0x20 ..\obj\stm32f4xx_rcc.o
 .text.RCC_BackupResetCmd
                0x00000000       0x20 ..\obj\stm32f4xx_rcc.o
 .text.RCC_I2SCLKConfig
                0x00000000       0x1c ..\obj\stm32f4xx_rcc.o
 .text.RCC_AHB2PeriphClockCmd
                0x00000000       0x3c ..\obj\stm32f4xx_rcc.o
 .text.RCC_AHB3PeriphClockCmd
                0x00000000       0x3c ..\obj\stm32f4xx_rcc.o
 .text.RCC_AHB1PeriphResetCmd
                0x00000000       0x3c ..\obj\stm32f4xx_rcc.o
 .text.RCC_AHB2PeriphResetCmd
                0x00000000       0x3c ..\obj\stm32f4xx_rcc.o
 .text.RCC_AHB3PeriphResetCmd
                0x00000000       0x3c ..\obj\stm32f4xx_rcc.o
 .text.RCC_AHB1PeriphClockLPModeCmd
                0x00000000       0x3c ..\obj\stm32f4xx_rcc.o
 .text.RCC_AHB2PeriphClockLPModeCmd
                0x00000000       0x3c ..\obj\stm32f4xx_rcc.o
 .text.RCC_AHB3PeriphClockLPModeCmd
                0x00000000       0x3c ..\obj\stm32f4xx_rcc.o
 .text.RCC_APB1PeriphClockLPModeCmd
                0x00000000       0x3c ..\obj\stm32f4xx_rcc.o
 .text.RCC_APB2PeriphClockLPModeCmd
                0x00000000       0x3c ..\obj\stm32f4xx_rcc.o
 .text.RCC_ITConfig
                0x00000000       0x4c ..\obj\stm32f4xx_rcc.o
 .text.RCC_GetFlagStatus
                0x00000000       0x74 ..\obj\stm32f4xx_rcc.o
 .text.RCC_ClearFlag
                0x00000000       0x1c ..\obj\stm32f4xx_rcc.o
 .text.RCC_GetITStatus
                0x00000000       0x34 ..\obj\stm32f4xx_rcc.o
 .text.RCC_ClearITPendingBit
                0x00000000       0x20 ..\obj\stm32f4xx_rcc.o
 .text          0x00000000        0x0 ..\obj\codec.o
 .data          0x00000000        0x4 ..\obj\codec.o
 .bss           0x00000000        0x0 ..\obj\codec.o
 .text.Codec_VolumeCtrl
                0x00000000       0x4c ..\obj\codec.o
 .text.Codec_WriteRegister
                0x00000000      0x140 ..\obj\codec.o
 .text.Codec_TIMEOUT_UserCallback
                0x00000000        0x8 ..\obj\codec.o
 .text.Codec_PauseResume
                0x00000000       0x34 ..\obj\codec.o
 .text.Codec_Mute
                0x00000000       0x28 ..\obj\codec.o
 .text          0x00000000        0x0 ..\obj\stm32f4xx_adc.o
 .data          0x00000000        0x0 ..\obj\stm32f4xx_adc.o
 .bss           0x00000000        0x0 ..\obj\stm32f4xx_adc.o
 .text.ADC_DeInit
                0x00000000       0x1c ..\obj\stm32f4xx_adc.o
 .text.ADC_Init
                0x00000000       0xa8 ..\obj\stm32f4xx_adc.o
 .text.ADC_StructInit
                0x00000000       0x3c ..\obj\stm32f4xx_adc.o
 .text.ADC_CommonInit
                0x00000000       0x50 ..\obj\stm32f4xx_adc.o
 .text.ADC_CommonStructInit
                0x00000000       0x2c ..\obj\stm32f4xx_adc.o
 .text.ADC_Cmd  0x00000000       0x38 ..\obj\stm32f4xx_adc.o
 .text.ADC_AnalogWatchdogCmd
                0x00000000       0x38 ..\obj\stm32f4xx_adc.o
 .text.ADC_AnalogWatchdogThresholdsConfig
                0x00000000       0x28 ..\obj\stm32f4xx_adc.o
 .text.ADC_AnalogWatchdogSingleChannelConfig
                0x00000000       0x38 ..\obj\stm32f4xx_adc.o
 .text.ADC_TempSensorVrefintCmd
                0x00000000       0x38 ..\obj\stm32f4xx_adc.o
 .text.ADC_VBATCmd
                0x00000000       0x38 ..\obj\stm32f4xx_adc.o
 .text.ADC_RegularChannelConfig
                0x00000000      0x194 ..\obj\stm32f4xx_adc.o
 .text.ADC_SoftwareStartConv
                0x00000000       0x20 ..\obj\stm32f4xx_adc.o
 .text.ADC_GetSoftwareStartConvStatus
                0x00000000       0x30 ..\obj\stm32f4xx_adc.o
 .text.ADC_EOCOnEachRegularChannelCmd
                0x00000000       0x38 ..\obj\stm32f4xx_adc.o
 .text.ADC_ContinuousModeCmd
                0x00000000       0x38 ..\obj\stm32f4xx_adc.o
 .text.ADC_DiscModeChannelCountConfig
                0x00000000       0x44 ..\obj\stm32f4xx_adc.o
 .text.ADC_DiscModeCmd
                0x00000000       0x38 ..\obj\stm32f4xx_adc.o
 .text.ADC_GetConversionValue
                0x00000000       0x18 ..\obj\stm32f4xx_adc.o
 .text.ADC_GetMultiModeConversionValue
                0x00000000       0x14 ..\obj\stm32f4xx_adc.o
 .text.ADC_DMACmd
                0x00000000       0x38 ..\obj\stm32f4xx_adc.o
 .text.ADC_DMARequestAfterLastTransferCmd
                0x00000000       0x38 ..\obj\stm32f4xx_adc.o
 .text.ADC_MultiModeDMARequestAfterLastTransferCmd
                0x00000000       0x38 ..\obj\stm32f4xx_adc.o
 .text.ADC_InjectedChannelConfig
                0x00000000      0x120 ..\obj\stm32f4xx_adc.o
 .text.ADC_InjectedSequencerLengthConfig
                0x00000000       0x44 ..\obj\stm32f4xx_adc.o
 .text.ADC_SetInjectedOffset
                0x00000000       0x34 ..\obj\stm32f4xx_adc.o
 .text.ADC_ExternalTrigInjectedConvConfig
                0x00000000       0x34 ..\obj\stm32f4xx_adc.o
 .text.ADC_ExternalTrigInjectedConvEdgeConfig
                0x00000000       0x34 ..\obj\stm32f4xx_adc.o
 .text.ADC_SoftwareStartInjectedConv
                0x00000000       0x20 ..\obj\stm32f4xx_adc.o
 .text.ADC_GetSoftwareStartInjectedConvCmdStatus
                0x00000000       0x30 ..\obj\stm32f4xx_adc.o
 .text.ADC_AutoInjectedConvCmd
                0x00000000       0x38 ..\obj\stm32f4xx_adc.o
 .text.ADC_InjectedDiscModeCmd
                0x00000000       0x38 ..\obj\stm32f4xx_adc.o
 .text.ADC_GetInjectedConversionValue
                0x00000000       0x30 ..\obj\stm32f4xx_adc.o
 .text.ADC_ITConfig
                0x00000000       0x50 ..\obj\stm32f4xx_adc.o
 .text.ADC_GetFlagStatus
                0x00000000       0x34 ..\obj\stm32f4xx_adc.o
 .text.ADC_ClearFlag
                0x00000000       0x20 ..\obj\stm32f4xx_adc.o
 .text.ADC_GetITStatus
                0x00000000       0x5c ..\obj\stm32f4xx_adc.o
 .text.ADC_ClearITPendingBit
                0x00000000       0x2c ..\obj\stm32f4xx_adc.o
 .debug_info    0x00000000      0xc40 ..\obj\stm32f4xx_adc.o
 .debug_abbrev  0x00000000      0x198 ..\obj\stm32f4xx_adc.o
 .debug_aranges
                0x00000000      0x148 ..\obj\stm32f4xx_adc.o
 .debug_ranges  0x00000000      0x138 ..\obj\stm32f4xx_adc.o
 .debug_line    0x00000000      0x555 ..\obj\stm32f4xx_adc.o
 .debug_str     0x00000000      0x7fa ..\obj\stm32f4xx_adc.o
 .comment       0x00000000       0x6f ..\obj\stm32f4xx_adc.o
 .debug_frame   0x00000000      0x5ec ..\obj\stm32f4xx_adc.o
 .ARM.attributes
                0x00000000       0x33 ..\obj\stm32f4xx_adc.o
 .text          0x00000000        0x0 ..\obj\stm32f4xx_gpio.o
 .data          0x00000000        0x0 ..\obj\stm32f4xx_gpio.o
 .bss           0x00000000        0x0 ..\obj\stm32f4xx_gpio.o
 .text.GPIO_DeInit
                0x00000000      0x120 ..\obj\stm32f4xx_gpio.o
 .text.GPIO_PinLockConfig
                0x00000000       0x44 ..\obj\stm32f4xx_gpio.o
 .text.GPIO_ReadInputData
                0x00000000       0x18 ..\obj\stm32f4xx_gpio.o
 .text.GPIO_ReadOutputDataBit
                0x00000000       0x34 ..\obj\stm32f4xx_gpio.o
 .text.GPIO_ReadOutputData
                0x00000000       0x18 ..\obj\stm32f4xx_gpio.o
 .text.GPIO_WriteBit
                0x00000000       0x30 ..\obj\stm32f4xx_gpio.o
 .text.GPIO_Write
                0x00000000       0x1c ..\obj\stm32f4xx_gpio.o
 .text.GPIO_ToggleBits
                0x00000000       0x24 ..\obj\stm32f4xx_gpio.o
 .text          0x00000000        0x0 ..\obj\system_stm32f4xx.o
 .data          0x00000000       0x14 ..\obj\system_stm32f4xx.o
 .bss           0x00000000        0x0 ..\obj\system_stm32f4xx.o
 .text.SystemCoreClockUpdate
                0x00000000       0xf8 ..\obj\system_stm32f4xx.o
 .text          0x00000000        0x0 ..\obj\stm32f4xx_dma.o
 .data          0x00000000        0x0 ..\obj\stm32f4xx_dma.o
 .bss           0x00000000        0x0 ..\obj\stm32f4xx_dma.o
 .text.DMA_DeInit
                0x00000000      0x1a4 ..\obj\stm32f4xx_dma.o
 .text.DMA_Init
                0x00000000       0xac ..\obj\stm32f4xx_dma.o
 .text.DMA_StructInit
                0x00000000       0x6c ..\obj\stm32f4xx_dma.o
 .text.DMA_Cmd  0x00000000       0x38 ..\obj\stm32f4xx_dma.o
 .text.DMA_PeriphIncOffsetSizeConfig
                0x00000000       0x34 ..\obj\stm32f4xx_dma.o
 .text.DMA_FlowControllerConfig
                0x00000000       0x34 ..\obj\stm32f4xx_dma.o
 .text.DMA_SetCurrDataCounter
                0x00000000       0x1c ..\obj\stm32f4xx_dma.o
 .text.DMA_GetCurrDataCounter
                0x00000000       0x18 ..\obj\stm32f4xx_dma.o
 .text.DMA_DoubleBufferModeConfig
                0x00000000       0x3c ..\obj\stm32f4xx_dma.o
 .text.DMA_DoubleBufferModeCmd
                0x00000000       0x38 ..\obj\stm32f4xx_dma.o
 .text.DMA_MemoryTargetConfig
                0x00000000       0x2c ..\obj\stm32f4xx_dma.o
 .text.DMA_GetCurrentMemoryTarget
                0x00000000       0x30 ..\obj\stm32f4xx_dma.o
 .text.DMA_GetCmdStatus
                0x00000000       0x30 ..\obj\stm32f4xx_dma.o
 .text.DMA_GetFIFOStatus
                0x00000000       0x24 ..\obj\stm32f4xx_dma.o
 .text.DMA_GetFlagStatus
                0x00000000       0x74 ..\obj\stm32f4xx_dma.o
 .text.DMA_ClearFlag
                0x00000000       0x5c ..\obj\stm32f4xx_dma.o
 .text.DMA_ITConfig
                0x00000000       0x74 ..\obj\stm32f4xx_dma.o
 .text.DMA_GetITStatus
                0x00000000       0xac ..\obj\stm32f4xx_dma.o
 .text.DMA_ClearITPendingBit
                0x00000000       0x5c ..\obj\stm32f4xx_dma.o
 .debug_info    0x00000000      0x741 ..\obj\stm32f4xx_dma.o
 .debug_abbrev  0x00000000      0x157 ..\obj\stm32f4xx_dma.o
 .debug_aranges
                0x00000000       0xb0 ..\obj\stm32f4xx_dma.o
 .debug_ranges  0x00000000       0xa0 ..\obj\stm32f4xx_dma.o
 .debug_line    0x00000000      0x422 ..\obj\stm32f4xx_dma.o
 .debug_str     0x00000000      0x538 ..\obj\stm32f4xx_dma.o
 .comment       0x00000000       0x6f ..\obj\stm32f4xx_dma.o
 .debug_frame   0x00000000      0x308 ..\obj\stm32f4xx_dma.o
 .ARM.attributes
                0x00000000       0x33 ..\obj\stm32f4xx_dma.o
 .text          0x00000000        0x0 ..\obj\stm32f4xx_spi.o
 .data          0x00000000        0x0 ..\obj\stm32f4xx_spi.o
 .bss           0x00000000        0x0 ..\obj\stm32f4xx_spi.o
 .text.SPI_Init
                0x00000000       0x88 ..\obj\stm32f4xx_spi.o
 .text.SPI_StructInit
                0x00000000       0x48 ..\obj\stm32f4xx_spi.o
 .text.I2S_StructInit
                0x00000000       0x38 ..\obj\stm32f4xx_spi.o
 .text.SPI_Cmd  0x00000000       0x40 ..\obj\stm32f4xx_spi.o
 .text.SPI_DataSizeConfig
                0x00000000       0x38 ..\obj\stm32f4xx_spi.o
 .text.SPI_BiDirectionalLineConfig
                0x00000000       0x40 ..\obj\stm32f4xx_spi.o
 .text.SPI_NSSInternalSoftwareConfig
                0x00000000       0x44 ..\obj\stm32f4xx_spi.o
 .text.SPI_SSOutputCmd
                0x00000000       0x40 ..\obj\stm32f4xx_spi.o
 .text.SPI_TIModeCmd
                0x00000000       0x40 ..\obj\stm32f4xx_spi.o
 .text.I2S_FullDuplexConfig
                0x00000000       0x9c ..\obj\stm32f4xx_spi.o
 .text.SPI_I2S_ReceiveData
                0x00000000       0x18 ..\obj\stm32f4xx_spi.o
 .text.SPI_CalculateCRC
                0x00000000       0x40 ..\obj\stm32f4xx_spi.o
 .text.SPI_TransmitCRC
                0x00000000       0x24 ..\obj\stm32f4xx_spi.o
 .text.SPI_GetCRC
                0x00000000       0x30 ..\obj\stm32f4xx_spi.o
 .text.SPI_GetCRCPolynomial
                0x00000000       0x18 ..\obj\stm32f4xx_spi.o
 .text.SPI_I2S_DMACmd
                0x00000000       0x48 ..\obj\stm32f4xx_spi.o
 .text.SPI_I2S_ITConfig
                0x00000000       0x60 ..\obj\stm32f4xx_spi.o
 .text.SPI_I2S_ClearFlag
                0x00000000       0x20 ..\obj\stm32f4xx_spi.o
 .text.SPI_I2S_GetITStatus
                0x00000000       0x74 ..\obj\stm32f4xx_spi.o
 .text.SPI_I2S_ClearITPendingBit
                0x00000000       0x34 ..\obj\stm32f4xx_spi.o
 .text          0x00000000        0x0 ..\obj\stm32f4xx_i2c.o
 .data          0x00000000        0x0 ..\obj\stm32f4xx_i2c.o
 .bss           0x00000000        0x0 ..\obj\stm32f4xx_i2c.o
 .text.I2C_StructInit
                0x00000000       0x3c ..\obj\stm32f4xx_i2c.o
 .text.I2C_OwnAddress2Config
                0x00000000       0x44 ..\obj\stm32f4xx_i2c.o
 .text.I2C_DualAddressCmd
                0x00000000       0x40 ..\obj\stm32f4xx_i2c.o
 .text.I2C_GeneralCallCmd
                0x00000000       0x40 ..\obj\stm32f4xx_i2c.o
 .text.I2C_SoftwareResetCmd
                0x00000000       0x44 ..\obj\stm32f4xx_i2c.o
 .text.I2C_StretchClockCmd
                0x00000000       0x40 ..\obj\stm32f4xx_i2c.o
 .text.I2C_FastModeDutyCycleConfig
                0x00000000       0x40 ..\obj\stm32f4xx_i2c.o
 .text.I2C_NACKPositionConfig
                0x00000000       0x40 ..\obj\stm32f4xx_i2c.o
 .text.I2C_SMBusAlertConfig
                0x00000000       0x40 ..\obj\stm32f4xx_i2c.o
 .text.I2C_ARPCmd
                0x00000000       0x40 ..\obj\stm32f4xx_i2c.o
 .text.I2C_TransmitPEC
                0x00000000       0x40 ..\obj\stm32f4xx_i2c.o
 .text.I2C_PECPositionConfig
                0x00000000       0x40 ..\obj\stm32f4xx_i2c.o
 .text.I2C_CalculatePEC
                0x00000000       0x40 ..\obj\stm32f4xx_i2c.o
 .text.I2C_GetPEC
                0x00000000       0x20 ..\obj\stm32f4xx_i2c.o
 .text.I2C_DMACmd
                0x00000000       0x40 ..\obj\stm32f4xx_i2c.o
 .text.I2C_DMALastTransferCmd
                0x00000000       0x40 ..\obj\stm32f4xx_i2c.o
 .text.I2C_ReadRegister
                0x00000000       0x2c ..\obj\stm32f4xx_i2c.o
 .text.I2C_ITConfig
                0x00000000       0x48 ..\obj\stm32f4xx_i2c.o
 .text.I2C_GetLastEvent
                0x00000000       0x44 ..\obj\stm32f4xx_i2c.o
 .text.I2C_ClearFlag
                0x00000000       0x2c ..\obj\stm32f4xx_i2c.o
 .text.I2C_GetITStatus
                0x00000000       0x58 ..\obj\stm32f4xx_i2c.o
 .text.I2C_ClearITPendingBit
                0x00000000       0x2c ..\obj\stm32f4xx_i2c.o
 .text          0x00000000        0x0 ..\obj\stm32f4xx_exti.o
 .data          0x00000000        0x0 ..\obj\stm32f4xx_exti.o
 .bss           0x00000000        0x0 ..\obj\stm32f4xx_exti.o
 .text.EXTI_DeInit
                0x00000000       0x34 ..\obj\stm32f4xx_exti.o
 .text.EXTI_StructInit
                0x00000000       0x2c ..\obj\stm32f4xx_exti.o
 .text.EXTI_GenerateSWInterrupt
                0x00000000       0x24 ..\obj\stm32f4xx_exti.o
 .text.EXTI_GetFlagStatus
                0x00000000       0x34 ..\obj\stm32f4xx_exti.o
 .text.EXTI_ClearFlag
                0x00000000       0x1c ..\obj\stm32f4xx_exti.o
 .text          0x00000000        0x0 ..\obj\misc.o
 .data          0x00000000        0x0 ..\obj\misc.o
 .bss           0x00000000        0x0 ..\obj\misc.o
 .text.NVIC_SetVectorTable
                0x00000000       0x2c ..\obj\misc.o
 .text.NVIC_SystemLPConfig
                0x00000000       0x40 ..\obj\misc.o
 .text.SysTick_CLKSourceConfig
                0x00000000       0x38 ..\obj\misc.o
 .text          0x00000000        0x0 ..\obj\stm32f4xx_tim.o
 .data          0x00000000        0x0 ..\obj\stm32f4xx_tim.o
 .bss           0x00000000        0x0 ..\obj\stm32f4xx_tim.o
 .text.TIM_DeInit
                0x00000000      0x1c0 ..\obj\stm32f4xx_tim.o
 .text.TIM_TimeBaseStructInit
                0x00000000       0x34 ..\obj\stm32f4xx_tim.o
 .text.TIM_PrescalerConfig
                0x00000000       0x28 ..\obj\stm32f4xx_tim.o
 .text.TIM_CounterModeConfig
                0x00000000       0x38 ..\obj\stm32f4xx_tim.o
 .text.TIM_SetAutoreload
                0x00000000       0x1c ..\obj\stm32f4xx_tim.o
 .text.TIM_GetCounter
                0x00000000       0x18 ..\obj\stm32f4xx_tim.o
 .text.TIM_GetPrescaler
                0x00000000       0x18 ..\obj\stm32f4xx_tim.o
 .text.TIM_UpdateDisableConfig
                0x00000000       0x40 ..\obj\stm32f4xx_tim.o
 .text.TIM_UpdateRequestConfig
                0x00000000       0x40 ..\obj\stm32f4xx_tim.o
 .text.TIM_ARRPreloadConfig
                0x00000000       0x40 ..\obj\stm32f4xx_tim.o
 .text.TIM_SelectOnePulseMode
                0x00000000       0x38 ..\obj\stm32f4xx_tim.o
 .text.TIM_SetClockDivision
                0x00000000       0x38 ..\obj\stm32f4xx_tim.o
 .text.TIM_OC1Init
                0x00000000       0xf4 ..\obj\stm32f4xx_tim.o
 .text.TIM_OC2Init
                0x00000000      0x110 ..\obj\stm32f4xx_tim.o
 .text.TIM_OC3Init
                0x00000000      0x10c ..\obj\stm32f4xx_tim.o
 .text.TIM_OC4Init
                0x00000000       0xcc ..\obj\stm32f4xx_tim.o
 .text.TIM_OCStructInit
                0x00000000       0x44 ..\obj\stm32f4xx_tim.o
 .text.TIM_SelectOCxM
                0x00000000       0xb0 ..\obj\stm32f4xx_tim.o
 .text.TIM_SetCompare1
                0x00000000       0x1c ..\obj\stm32f4xx_tim.o
 .text.TIM_SetCompare2
                0x00000000       0x1c ..\obj\stm32f4xx_tim.o
 .text.TIM_SetCompare3
                0x00000000       0x1c ..\obj\stm32f4xx_tim.o
 .text.TIM_SetCompare4
                0x00000000       0x1c ..\obj\stm32f4xx_tim.o
 .text.TIM_ForcedOC1Config
                0x00000000       0x38 ..\obj\stm32f4xx_tim.o
 .text.TIM_ForcedOC2Config
                0x00000000       0x3c ..\obj\stm32f4xx_tim.o
 .text.TIM_ForcedOC3Config
                0x00000000       0x38 ..\obj\stm32f4xx_tim.o
 .text.TIM_ForcedOC4Config
                0x00000000       0x3c ..\obj\stm32f4xx_tim.o
 .text.TIM_OC1PreloadConfig
                0x00000000       0x38 ..\obj\stm32f4xx_tim.o
 .text.TIM_OC2PreloadConfig
                0x00000000       0x3c ..\obj\stm32f4xx_tim.o
 .text.TIM_OC3PreloadConfig
                0x00000000       0x38 ..\obj\stm32f4xx_tim.o
 .text.TIM_OC4PreloadConfig
                0x00000000       0x3c ..\obj\stm32f4xx_tim.o
 .text.TIM_OC1FastConfig
                0x00000000       0x38 ..\obj\stm32f4xx_tim.o
 .text.TIM_OC2FastConfig
                0x00000000       0x3c ..\obj\stm32f4xx_tim.o
 .text.TIM_OC3FastConfig
                0x00000000       0x38 ..\obj\stm32f4xx_tim.o
 .text.TIM_OC4FastConfig
                0x00000000       0x3c ..\obj\stm32f4xx_tim.o
 .text.TIM_ClearOC1Ref
                0x00000000       0x38 ..\obj\stm32f4xx_tim.o
 .text.TIM_ClearOC2Ref
                0x00000000       0x3c ..\obj\stm32f4xx_tim.o
 .text.TIM_ClearOC3Ref
                0x00000000       0x38 ..\obj\stm32f4xx_tim.o
 .text.TIM_ClearOC4Ref
                0x00000000       0x3c ..\obj\stm32f4xx_tim.o
 .text.TIM_OC1PolarityConfig
                0x00000000       0x38 ..\obj\stm32f4xx_tim.o
 .text.TIM_OC1NPolarityConfig
                0x00000000       0x38 ..\obj\stm32f4xx_tim.o
 .text.TIM_OC2PolarityConfig
                0x00000000       0x3c ..\obj\stm32f4xx_tim.o
 .text.TIM_OC2NPolarityConfig
                0x00000000       0x3c ..\obj\stm32f4xx_tim.o
 .text.TIM_OC3PolarityConfig
                0x00000000       0x3c ..\obj\stm32f4xx_tim.o
 .text.TIM_OC3NPolarityConfig
                0x00000000       0x3c ..\obj\stm32f4xx_tim.o
 .text.TIM_OC4PolarityConfig
                0x00000000       0x3c ..\obj\stm32f4xx_tim.o
 .text.TIM_CCxCmd
                0x00000000       0x54 ..\obj\stm32f4xx_tim.o
 .text.TIM_CCxNCmd
                0x00000000       0x54 ..\obj\stm32f4xx_tim.o
 .text.TIM_ICInit
                0x00000000       0xa8 ..\obj\stm32f4xx_tim.o
 .text.TIM_ICStructInit
                0x00000000       0x30 ..\obj\stm32f4xx_tim.o
 .text.TIM_PWMIConfig
                0x00000000       0xb8 ..\obj\stm32f4xx_tim.o
 .text.TIM_GetCapture1
                0x00000000       0x18 ..\obj\stm32f4xx_tim.o
 .text.TIM_GetCapture2
                0x00000000       0x18 ..\obj\stm32f4xx_tim.o
 .text.TIM_GetCapture3
                0x00000000       0x18 ..\obj\stm32f4xx_tim.o
 .text.TIM_GetCapture4
                0x00000000       0x18 ..\obj\stm32f4xx_tim.o
 .text.TIM_SetIC1Prescaler
                0x00000000       0x38 ..\obj\stm32f4xx_tim.o
 .text.TIM_SetIC2Prescaler
                0x00000000       0x3c ..\obj\stm32f4xx_tim.o
 .text.TIM_SetIC3Prescaler
                0x00000000       0x38 ..\obj\stm32f4xx_tim.o
 .text.TIM_SetIC4Prescaler
                0x00000000       0x3c ..\obj\stm32f4xx_tim.o
 .text.TIM_BDTRConfig
                0x00000000       0x50 ..\obj\stm32f4xx_tim.o
 .text.TIM_BDTRStructInit
                0x00000000       0x3c ..\obj\stm32f4xx_tim.o
 .text.TIM_CtrlPWMOutputs
                0x00000000       0x4c ..\obj\stm32f4xx_tim.o
 .text.TIM_SelectCOM
                0x00000000       0x40 ..\obj\stm32f4xx_tim.o
 .text.TIM_CCPreloadControl
                0x00000000       0x40 ..\obj\stm32f4xx_tim.o
 .text.TIM_GenerateEvent
                0x00000000       0x1c ..\obj\stm32f4xx_tim.o
 .text.TIM_GetFlagStatus
                0x00000000       0x38 ..\obj\stm32f4xx_tim.o
 .text.TIM_ClearFlag
                0x00000000       0x20 ..\obj\stm32f4xx_tim.o
 .text.TIM_DMAConfig
                0x00000000       0x28 ..\obj\stm32f4xx_tim.o
 .text.TIM_DMACmd
                0x00000000       0x48 ..\obj\stm32f4xx_tim.o
 .text.TIM_SelectCCDMA
                0x00000000       0x40 ..\obj\stm32f4xx_tim.o
 .text.TIM_InternalClockConfig
                0x00000000       0x24 ..\obj\stm32f4xx_tim.o
 .text.TIM_ITRxExternalClockConfig
                0x00000000       0x30 ..\obj\stm32f4xx_tim.o
 .text.TIM_TIxExternalClockConfig
                0x00000000       0x5c ..\obj\stm32f4xx_tim.o
 .text.TIM_ETRClockMode1Config
                0x00000000       0x60 ..\obj\stm32f4xx_tim.o
 .text.TIM_ETRClockMode2Config
                0x00000000       0x40 ..\obj\stm32f4xx_tim.o
 .text.TIM_SelectInputTrigger
                0x00000000       0x38 ..\obj\stm32f4xx_tim.o
 .text.TIM_SelectOutputTrigger
                0x00000000       0x38 ..\obj\stm32f4xx_tim.o
 .text.TIM_SelectSlaveMode
                0x00000000       0x38 ..\obj\stm32f4xx_tim.o
 .text.TIM_SelectMasterSlaveMode
                0x00000000       0x38 ..\obj\stm32f4xx_tim.o
 .text.TIM_ETRConfig
                0x00000000       0x54 ..\obj\stm32f4xx_tim.o
 .text.TIM_EncoderInterfaceConfig
                0x00000000       0x98 ..\obj\stm32f4xx_tim.o
 .text.TIM_SelectHallSensor
                0x00000000       0x40 ..\obj\stm32f4xx_tim.o
 .text.TIM_RemapConfig
                0x00000000       0x20 ..\obj\stm32f4xx_tim.o
 .text.TI1_Config
                0x00000000       0x84 ..\obj\stm32f4xx_tim.o
 .text.TI2_Config
                0x00000000       0x98 ..\obj\stm32f4xx_tim.o
 .text.TI3_Config
                0x00000000       0x90 ..\obj\stm32f4xx_tim.o
 .text.TI4_Config
                0x00000000       0x9c ..\obj\stm32f4xx_tim.o
 .data          0x00000000        0x0 c:/program files (x86)/gnu tools arm embedded/5.4 2016q3/bin/../lib/gcc/arm-none-eabi/5.4.1/armv7e-m\libgcc.a(_arm_addsubdf3.o)
 .bss           0x00000000        0x0 c:/program files (x86)/gnu tools arm embedded/5.4 2016q3/bin/../lib/gcc/arm-none-eabi/5.4.1/armv7e-m\libgcc.a(_arm_addsubdf3.o)
 .data          0x00000000        0x0 c:/program files (x86)/gnu tools arm embedded/5.4 2016q3/bin/../lib/gcc/arm-none-eabi/5.4.1/armv7e-m\libgcc.a(_arm_muldivdf3.o)
 .bss           0x00000000        0x0 c:/program files (x86)/gnu tools arm embedded/5.4 2016q3/bin/../lib/gcc/arm-none-eabi/5.4.1/armv7e-m\libgcc.a(_arm_muldivdf3.o)
 .data          0x00000000        0x0 c:/program files (x86)/gnu tools arm embedded/5.4 2016q3/bin/../lib/gcc/arm-none-eabi/5.4.1/armv7e-m\libgcc.a(_arm_fixunsdfsi.o)
 .bss           0x00000000        0x0 c:/program files (x86)/gnu tools arm embedded/5.4 2016q3/bin/../lib/gcc/arm-none-eabi/5.4.1/armv7e-m\libgcc.a(_arm_fixunsdfsi.o)
 .data          0x00000000        0x0 c:/program files (x86)/gnu tools arm embedded/5.4 2016q3/bin/../lib/gcc/arm-none-eabi/5.4.1/armv7e-m\libgcc.a(_arm_addsubsf3.o)
 .bss           0x00000000        0x0 c:/program files (x86)/gnu tools arm embedded/5.4 2016q3/bin/../lib/gcc/arm-none-eabi/5.4.1/armv7e-m\libgcc.a(_arm_addsubsf3.o)
 .data          0x00000000        0x0 c:/program files (x86)/gnu tools arm embedded/5.4 2016q3/bin/../lib/gcc/arm-none-eabi/5.4.1/armv7e-m\libgcc.a(_arm_muldivsf3.o)
 .bss           0x00000000        0x0 c:/program files (x86)/gnu tools arm embedded/5.4 2016q3/bin/../lib/gcc/arm-none-eabi/5.4.1/armv7e-m\libgcc.a(_arm_muldivsf3.o)
 .data          0x00000000        0x0 c:/program files (x86)/gnu tools arm embedded/5.4 2016q3/bin/../lib/gcc/arm-none-eabi/5.4.1/armv7e-m\libgcc.a(_arm_fixsfsi.o)
 .bss           0x00000000        0x0 c:/program files (x86)/gnu tools arm embedded/5.4 2016q3/bin/../lib/gcc/arm-none-eabi/5.4.1/armv7e-m\libgcc.a(_arm_fixsfsi.o)

Memory Configuration

Name             Origin             Length             Attributes
rom              0x08000000         0x00100000         xr
ram              0x20000000         0x00020000         xrw
ram1             0x10000000         0x00010000         xrw
*default*        0x00000000         0xffffffff

Linker script and memory map

                0x20020000                _eram = 0x20020000

.text           0x08000000     0x2ce4
 *(.isr_vector)
 .isr_vector    0x08000000      0x188 ..\obj\startup_stm32f4xx.o
                0x08000000                g_pfnVectors
 *(.text*)
 .text.SYSCFG_EXTILineConfig
                0x08000188       0x84 ..\obj\stm32f4xx_syscfg.o
                0x08000188                SYSCFG_EXTILineConfig
 .text.Default_Reset_Handler
                0x0800020c       0x5c ..\obj\startup_stm32f4xx.o
                0x0800020c                Default_Reset_Handler
                0x0800020c                Reset_Handler
 .text.Default_Handler
                0x08000268        0x8 ..\obj\startup_stm32f4xx.o
                0x08000268                RTC_Alarm_IRQHandler
                0x08000268                HASH_RNG_IRQHandler
                0x08000268                EXTI2_IRQHandler
                0x08000268                TIM8_CC_IRQHandler
                0x08000268                DebugMon_Handler
                0x08000268                TIM1_CC_IRQHandler
                0x08000268                DMA2_Stream5_IRQHandler
                0x08000268                HardFault_Handler
                0x08000268                DMA1_Stream5_IRQHandler
                0x08000268                SysTick_Handler
                0x08000268                PVD_IRQHandler
                0x08000268                SDIO_IRQHandler
                0x08000268                TAMP_STAMP_IRQHandler
                0x08000268                PendSV_Handler
                0x08000268                NMI_Handler
                0x08000268                CAN2_RX1_IRQHandler
                0x08000268                EXTI3_IRQHandler
                0x08000268                TIM8_TRG_COM_TIM14_IRQHandler
                0x08000268                TIM1_UP_TIM10_IRQHandler
                0x08000268                TIM8_UP_TIM13_IRQHandler
                0x08000268                I2C3_ER_IRQHandler
                0x08000268                I2C2_EV_IRQHandler
                0x08000268                DMA1_Stream2_IRQHandler
                0x08000268                CAN1_RX0_IRQHandler
                0x08000268                FPU_IRQHandler
                0x08000268                OTG_HS_WKUP_IRQHandler
                0x08000268                UsageFault_Handler
                0x08000268                CAN2_SCE_IRQHandler
                0x08000268                DMA2_Stream2_IRQHandler
                0x08000268                SPI1_IRQHandler
                0x08000268                TIM6_DAC_IRQHandler
                0x08000268                TIM1_BRK_TIM9_IRQHandler
                0x08000268                DCMI_IRQHandler
                0x08000268                CAN2_RX0_IRQHandler
                0x08000268                DMA2_Stream3_IRQHandler
                0x08000268                USART6_IRQHandler
                0x08000268                USART3_IRQHandler
                0x08000268                CRYP_IRQHandler
                0x08000268                CAN1_RX1_IRQHandler
                0x08000268                UART5_IRQHandler
                0x08000268                DMA2_Stream0_IRQHandler
                0x08000268                TIM4_IRQHandler
                0x08000268                I2C1_EV_IRQHandler
                0x08000268                DMA1_Stream6_IRQHandler
                0x08000268                DMA1_Stream1_IRQHandler
                0x08000268                UART4_IRQHandler
                0x08000268                TIM3_IRQHandler
                0x08000268                RCC_IRQHandler
                0x08000268                TIM8_BRK_TIM12_IRQHandler
                0x08000268                ADC_IRQHandler
                0x08000268                DMA1_Stream7_IRQHandler
                0x08000268                CAN2_TX_IRQHandler
                0x08000268                DMA2_Stream7_IRQHandler
                0x08000268                I2C3_EV_IRQHandler
                0x08000268                EXTI9_5_IRQHandler
                0x08000268                RTC_WKUP_IRQHandler
                0x08000268                ETH_WKUP_IRQHandler
                0x08000268                SPI2_IRQHandler
                0x08000268                OTG_HS_EP1_IN_IRQHandler
                0x08000268                MemManage_Handler
                0x08000268                DMA1_Stream0_IRQHandler
                0x08000268                CAN1_TX_IRQHandler
                0x08000268                SVC_Handler
                0x08000268                EXTI4_IRQHandler
                0x08000268                FSMC_IRQHandler
                0x08000268                ETH_IRQHandler
                0x08000268                OTG_HS_EP1_OUT_IRQHandler
                0x08000268                WWDG_IRQHandler
                0x08000268                OTG_FS_WKUP_IRQHandler
                0x08000268                TIM1_TRG_COM_TIM11_IRQHandler
                0x08000268                OTG_HS_IRQHandler
                0x08000268                EXTI1_IRQHandler
                0x08000268                USART2_IRQHandler
                0x08000268                I2C2_ER_IRQHandler
                0x08000268                DMA2_Stream1_IRQHandler
                0x08000268                CAN1_SCE_IRQHandler
                0x08000268                FLASH_IRQHandler
                0x08000268                DMA2_Stream4_IRQHandler
                0x08000268                BusFault_Handler
                0x08000268                USART1_IRQHandler
                0x08000268                OTG_FS_IRQHandler
                0x08000268                SPI3_IRQHandler
                0x08000268                DMA1_Stream4_IRQHandler
                0x08000268                I2C1_ER_IRQHandler
                0x08000268                DMA2_Stream6_IRQHandler
                0x08000268                DMA1_Stream3_IRQHandler
 .text.TIM2_Config
                0x08000270       0x40 ..\obj\main.o
                0x08000270                TIM2_Config
 .text.TIM_2_Interrupt_Config
                0x080002b0       0x3c ..\obj\main.o
                0x080002b0                TIM_2_Interrupt_Config
 .text.TIM2_IRQHandler
                0x080002ec       0xe0 ..\obj\main.o
                0x080002ec                TIM2_IRQHandler
 .text.TIM3_Config
                0x080003cc       0x40 ..\obj\main.o
                0x080003cc                TIM3_Config
 .text.TIM4_Config
                0x0800040c       0x40 ..\obj\main.o
                0x0800040c                TIM4_Config
 .text.TIM5_Config
                0x0800044c       0x40 ..\obj\main.o
                0x0800044c                TIM5_Config
 .text.TIM_5_Interrupt_Config
                0x0800048c       0x3c ..\obj\main.o
                0x0800048c                TIM_5_Interrupt_Config
 .text.TIM5_IRQHandler
                0x080004c8       0xf8 ..\obj\main.o
                0x080004c8                TIM5_IRQHandler
 .text.TIM7_Config
                0x080005c0       0x40 ..\obj\main.o
                0x080005c0                TIM7_Config
 .text.TIM_7_Interrupt_Config
                0x08000600       0x3c ..\obj\main.o
                0x08000600                TIM_7_Interrupt_Config
 .text.TIM7_IRQHandler
                0x0800063c       0x40 ..\obj\main.o
                0x0800063c                TIM7_IRQHandler
 .text.GPIO_ED_Init
                0x0800067c       0x64 ..\obj\main.o
                0x0800067c                GPIO_ED_Init
 .text.Configure_PD0
                0x080006e0       0x80 ..\obj\main.o
                0x080006e0                Configure_PD0
 .text.EXTI_Line_0_Enable
                0x08000760       0x30 ..\obj\main.o
                0x08000760                EXTI_Line_0_Enable
 .text.EXTI_Line_0_Disable
                0x08000790       0x30 ..\obj\main.o
                0x08000790                EXTI_Line_0_Disable
 .text.EXTI0_IRQHandler
                0x080007c0       0x8c ..\obj\main.o
                0x080007c0                EXTI0_IRQHandler
 .text.Configure_PB12
                0x0800084c       0x84 ..\obj\main.o
                0x0800084c                Configure_PB12
 .text.EXTI_Line_12_Enable
                0x080008d0       0x30 ..\obj\main.o
                0x080008d0                EXTI_Line_12_Enable
 .text.EXTI_Line_12_Disable
                0x08000900       0x30 ..\obj\main.o
                0x08000900                EXTI_Line_12_Disable
 .text.EXTI15_10_IRQHandler
                0x08000930       0x98 ..\obj\main.o
                0x08000930                EXTI15_10_IRQHandler
 .text.main     0x080009c8       0x68 ..\obj\main.o
                0x080009c8                main
 .text.RCC_PLLI2SCmd
                0x08000a30       0x20 ..\obj\stm32f4xx_rcc.o
                0x08000a30                RCC_PLLI2SCmd
 .text.RCC_GetClocksFreq
                0x08000a50      0x154 ..\obj\stm32f4xx_rcc.o
                0x08000a50                RCC_GetClocksFreq
 .text.RCC_AHB1PeriphClockCmd
                0x08000ba4       0x3c ..\obj\stm32f4xx_rcc.o
                0x08000ba4                RCC_AHB1PeriphClockCmd
 .text.RCC_APB1PeriphClockCmd
                0x08000be0       0x3c ..\obj\stm32f4xx_rcc.o
                0x08000be0                RCC_APB1PeriphClockCmd
 .text.RCC_APB2PeriphClockCmd
                0x08000c1c       0x3c ..\obj\stm32f4xx_rcc.o
                0x08000c1c                RCC_APB2PeriphClockCmd
 .text.RCC_APB1PeriphResetCmd
                0x08000c58       0x3c ..\obj\stm32f4xx_rcc.o
                0x08000c58                RCC_APB1PeriphResetCmd
 .text.RCC_APB2PeriphResetCmd
                0x08000c94       0x3c ..\obj\stm32f4xx_rcc.o
                0x08000c94                RCC_APB2PeriphResetCmd
 .text.codec_init
                0x08000cd0      0x170 ..\obj\codec.o
                0x08000cd0                codec_init
 .text.codec_ctrl_init
                0x08000e40      0x168 ..\obj\codec.o
                0x08000e40                codec_ctrl_init
 .text.send_codec_ctrl
                0x08000fa8       0xb8 ..\obj\codec.o
                0x08000fa8                send_codec_ctrl
 .text.read_codec_register
                0x08001060      0x104 ..\obj\codec.o
                0x08001060                read_codec_register
 .text.GPIO_Init
                0x08001164      0x11c ..\obj\stm32f4xx_gpio.o
                0x08001164                GPIO_Init
 .text.GPIO_StructInit
                0x08001280       0x34 ..\obj\stm32f4xx_gpio.o
                0x08001280                GPIO_StructInit
 .text.GPIO_ReadInputDataBit
                0x080012b4       0x34 ..\obj\stm32f4xx_gpio.o
                0x080012b4                GPIO_ReadInputDataBit
 .text.GPIO_SetBits
                0x080012e8       0x1c ..\obj\stm32f4xx_gpio.o
                0x080012e8                GPIO_SetBits
 .text.GPIO_ResetBits
                0x08001304       0x1c ..\obj\stm32f4xx_gpio.o
                0x08001304                GPIO_ResetBits
 .text.GPIO_PinAFConfig
                0x08001320       0x90 ..\obj\stm32f4xx_gpio.o
                0x08001320                GPIO_PinAFConfig
 .text.SystemInit
                0x080013b0       0x5c ..\obj\system_stm32f4xx.o
                0x080013b0                SystemInit
 .text.SetSysClock
                0x0800140c       0xf4 ..\obj\system_stm32f4xx.o
 .text.SPI_I2S_DeInit
                0x08001500       0x74 ..\obj\stm32f4xx_spi.o
                0x08001500                SPI_I2S_DeInit
 .text.I2S_Init
                0x08001574      0x1b4 ..\obj\stm32f4xx_spi.o
                0x08001574                I2S_Init
 .text.I2S_Cmd  0x08001728       0x40 ..\obj\stm32f4xx_spi.o
                0x08001728                I2S_Cmd
 .text.SPI_I2S_SendData
                0x08001768       0x1c ..\obj\stm32f4xx_spi.o
                0x08001768                SPI_I2S_SendData
 .text.SPI_I2S_GetFlagStatus
                0x08001784       0x38 ..\obj\stm32f4xx_spi.o
                0x08001784                SPI_I2S_GetFlagStatus
 .text.I2C_DeInit
                0x080017bc       0x74 ..\obj\stm32f4xx_i2c.o
                0x080017bc                I2C_DeInit
 .text.I2C_Init
                0x08001830      0x184 ..\obj\stm32f4xx_i2c.o
                0x08001830                I2C_Init
 .text.I2C_Cmd  0x080019b4       0x40 ..\obj\stm32f4xx_i2c.o
                0x080019b4                I2C_Cmd
 .text.I2C_GenerateSTART
                0x080019f4       0x40 ..\obj\stm32f4xx_i2c.o
                0x080019f4                I2C_GenerateSTART
 .text.I2C_GenerateSTOP
                0x08001a34       0x40 ..\obj\stm32f4xx_i2c.o
                0x08001a34                I2C_GenerateSTOP
 .text.I2C_Send7bitAddress
                0x08001a74       0x3c ..\obj\stm32f4xx_i2c.o
                0x08001a74                I2C_Send7bitAddress
 .text.I2C_AcknowledgeConfig
                0x08001ab0       0x40 ..\obj\stm32f4xx_i2c.o
                0x08001ab0                I2C_AcknowledgeConfig
 .text.I2C_SendData
                0x08001af0       0x20 ..\obj\stm32f4xx_i2c.o
                0x08001af0                I2C_SendData
 .text.I2C_ReceiveData
                0x08001b10       0x1c ..\obj\stm32f4xx_i2c.o
                0x08001b10                I2C_ReceiveData
 .text.I2C_CheckEvent
                0x08001b2c       0x60 ..\obj\stm32f4xx_i2c.o
                0x08001b2c                I2C_CheckEvent
 .text.I2C_GetFlagStatus
                0x08001b8c       0x64 ..\obj\stm32f4xx_i2c.o
                0x08001b8c                I2C_GetFlagStatus
 .text.EXTI_Init
                0x08001bf0       0xe4 ..\obj\stm32f4xx_exti.o
                0x08001bf0                EXTI_Init
 .text.EXTI_GetITStatus
                0x08001cd4       0x48 ..\obj\stm32f4xx_exti.o
                0x08001cd4                EXTI_GetITStatus
 .text.EXTI_ClearITPendingBit
                0x08001d1c       0x1c ..\obj\stm32f4xx_exti.o
                0x08001d1c                EXTI_ClearITPendingBit
 .text.NVIC_PriorityGroupConfig
                0x08001d38       0x24 ..\obj\misc.o
                0x08001d38                NVIC_PriorityGroupConfig
 .text.NVIC_Init
                0x08001d5c       0xc0 ..\obj\misc.o
                0x08001d5c                NVIC_Init
 .text.TIM_TimeBaseInit
                0x08001e1c       0xd4 ..\obj\stm32f4xx_tim.o
                0x08001e1c                TIM_TimeBaseInit
 .text.TIM_SetCounter
                0x08001ef0       0x1c ..\obj\stm32f4xx_tim.o
                0x08001ef0                TIM_SetCounter
 .text.TIM_Cmd  0x08001f0c       0x40 ..\obj\stm32f4xx_tim.o
                0x08001f0c                TIM_Cmd
 .text.TIM_ITConfig
                0x08001f4c       0x48 ..\obj\stm32f4xx_tim.o
                0x08001f4c                TIM_ITConfig
 .text.TIM_GetITStatus
                0x08001f94       0x54 ..\obj\stm32f4xx_tim.o
                0x08001f94                TIM_GetITStatus
 .text.TIM_ClearITPendingBit
                0x08001fe8       0x20 ..\obj\stm32f4xx_tim.o
                0x08001fe8                TIM_ClearITPendingBit
 .text          0x08002008      0x370 c:/program files (x86)/gnu tools arm embedded/5.4 2016q3/bin/../lib/gcc/arm-none-eabi/5.4.1/armv7e-m\libgcc.a(_arm_addsubdf3.o)
                0x08002008                __aeabi_drsub
                0x08002010                __aeabi_dsub
                0x08002010                __subdf3
                0x08002014                __aeabi_dadd
                0x08002014                __adddf3
                0x0800228c                __floatunsidf
                0x0800228c                __aeabi_ui2d
                0x080022ac                __floatsidf
                0x080022ac                __aeabi_i2d
                0x080022d0                __aeabi_f2d
                0x080022d0                __extendsfdf2
                0x0800230c                __floatundidf
                0x0800230c                __aeabi_ul2d
                0x0800231c                __floatdidf
                0x0800231c                __aeabi_l2d
 .text          0x08002378      0x424 c:/program files (x86)/gnu tools arm embedded/5.4 2016q3/bin/../lib/gcc/arm-none-eabi/5.4.1/armv7e-m\libgcc.a(_arm_muldivdf3.o)
                0x08002378                __aeabi_dmul
                0x08002378                __muldf3
                0x080025cc                __divdf3
                0x080025cc                __aeabi_ddiv
 .text          0x0800279c       0x40 c:/program files (x86)/gnu tools arm embedded/5.4 2016q3/bin/../lib/gcc/arm-none-eabi/5.4.1/armv7e-m\libgcc.a(_arm_fixunsdfsi.o)
                0x0800279c                __aeabi_d2uiz
                0x0800279c                __fixunsdfsi
 .text          0x080027dc      0x21c c:/program files (x86)/gnu tools arm embedded/5.4 2016q3/bin/../lib/gcc/arm-none-eabi/5.4.1/armv7e-m\libgcc.a(_arm_addsubsf3.o)
                0x080027dc                __aeabi_frsub
                0x080027e4                __subsf3
                0x080027e4                __aeabi_fsub
                0x080027e8                __aeabi_fadd
                0x080027e8                __addsf3
                0x08002948                __aeabi_ui2f
                0x08002948                __floatunsisf
                0x08002950                __aeabi_i2f
                0x08002950                __floatsisf
                0x0800296c                __aeabi_ul2f
                0x0800296c                __floatundisf
                0x0800297c                __aeabi_l2f
                0x0800297c                __floatdisf
 .text          0x080029f8      0x2a0 c:/program files (x86)/gnu tools arm embedded/5.4 2016q3/bin/../lib/gcc/arm-none-eabi/5.4.1/armv7e-m\libgcc.a(_arm_muldivsf3.o)
                0x080029f8                __mulsf3
                0x080029f8                __aeabi_fmul
                0x08002b60                __aeabi_fdiv
                0x08002b60                __divsf3
 .text          0x08002c98       0x4c c:/program files (x86)/gnu tools arm embedded/5.4 2016q3/bin/../lib/gcc/arm-none-eabi/5.4.1/armv7e-m\libgcc.a(_arm_fixsfsi.o)
                0x08002c98                __aeabi_f2iz
                0x08002c98                __fixsfsi
 *(.init)
 *(.fini)
 *crtbegin.o(.ctors)
 *crtbegin?.o(.ctors)
 *(EXCLUDE_FILE(*crtend.o *crtend?.o) .ctors)
 *(SORT(.ctors.*))
 *(.ctors)
 *crtbegin.o(.dtors)
 *crtbegin?.o(.dtors)
 *(EXCLUDE_FILE(*crtend.o *crtend?.o) .dtors)
 *(SORT(.dtors.*))
 *(.dtors)
 *(.rodata*)
 *(.eh_fram e*)

.glue_7         0x08002ce4        0x0
 .glue_7        0x08002ce4        0x0 linker stubs

.glue_7t        0x08002ce4        0x0
 .glue_7t       0x08002ce4        0x0 linker stubs

.vfp11_veneer   0x08002ce4        0x0
 .vfp11_veneer  0x08002ce4        0x0 linker stubs

.v4_bx          0x08002ce4        0x0
 .v4_bx         0x08002ce4        0x0 linker stubs

.iplt           0x08002ce4        0x0
 .iplt          0x08002ce4        0x0 ..\obj\stm32f4xx_syscfg.o

.rel.dyn        0x08002ce4        0x0
 .rel.iplt      0x08002ce4        0x0 ..\obj\stm32f4xx_syscfg.o

.ARM.extab
 *(.ARM.extab* .gnu.linkonce.armextab.*)
                0x08002ce4                __exidx_start = .

.ARM.exidx
 *(.ARM.exidx* .gnu.linkonce.armexidx.*)
                0x08002ce4                __exidx_end = .
                0x08002ce4                __etext = .
                0x08002ce4                _sidata = __etext

.data           0x20000000      0x314 load address 0x08002ce4
                0x20000000                __data_start__ = .
                0x20000000                _sdata = __data_start__
 *(vtable)
 *(.data*)
 .data          0x20000000      0x304 ..\obj\main.o
                0x20000000                test
                0x20000004                sine_table
                0x20000204                sine_table_2
 .data          0x20000304       0x10 ..\obj\stm32f4xx_rcc.o
                0x20000314                . = ALIGN (0x4)
                [!provide]                PROVIDE (__preinit_array_start, .)
 *(.preinit_array)
                [!provide]                PROVIDE (__preinit_array_end, .)
                0x20000314                . = ALIGN (0x4)
                [!provide]                PROVIDE (__init_array_start, .)
 *(SORT(.init_array.*))
 *(.init_array)
                [!provide]                PROVIDE (__init_array_end, .)
                0x20000314                . = ALIGN (0x4)
                [!provide]                PROVIDE (__fini_array_start, .)
 *(SORT(.fini_array.*))
 *(.fini_array)
                [!provide]                PROVIDE (__fini_array_end, .)
 *(.jcr*)
                0x20000314                . = ALIGN (0x4)
                0x20000314                __data_end__ = .
                0x20000314                _edata = __data_end__

.igot.plt       0x20000314        0x0 load address 0x08002ff8
 .igot.plt      0x20000314        0x0 ..\obj\stm32f4xx_syscfg.o

.bss            0x20000314       0x44 load address 0x08002ff8
                0x20000314                . = ALIGN (0x4)
                0x20000314                __bss_start__ = .
                0x20000314                _sbss = __bss_start__
 *(.bss*)
 .bss           0x20000314       0x14 ..\obj\main.o
                0x20000314                sampleCounter
                0x20000318                sample
                0x2000031c                sawWave
                0x20000320                filteredSaw
                0x20000324                i
 *(COMMON)
 COMMON         0x20000328       0x2e ..\obj\main.o
                0x20000328                PeriodValue
                0x2000032c                lData
                0x20000330                Distance_2
                0x20000334                TIM4_CNT
                0x20000338                Time_2
                0x2000033c                hData
                0x2000033e                TIM3_CNT
                0x20000340                GPIO_InitStructure
                0x20000348                Distance_1
                0x2000034c                Time_1
                0x20000350                RoundedUpPeriodValue
                0x20000354                Sample
                0x20000358                . = ALIGN (0x4)
 *fill*         0x20000356        0x2 
                0x20000358                __bss_end__ = .
                0x20000358                _ebss = __bss_end__

.heap           0x20000358        0x0
                0x20000358                __end__ = .
                0x20000358                _end = __end__
                0x20000358                end = __end__
 *(.heap*)
                0x20000358                __HeapLimit = .

.co_stack       0x20000358      0x800 load address 0x0800303c
                0x20000358                . = ALIGN (0x8)
 *(.co_stack .co_stack.*)
 .co_stack      0x20000358      0x800 ..\obj\startup_stm32f4xx.o
                0x20000358                pulStack
                0x20020000                __StackTop = (ORIGIN (ram) + LENGTH (ram))
                0x2001f800                __StackLimit = (__StackTop - SIZEOF (.co_stack))
                [!provide]                PROVIDE (__stack, __StackTop)
                0x00000001                ASSERT ((__StackLimit >= __HeapLimit), region ram  overflowed with stack)
LOAD ..\obj\stm32f4xx_syscfg.o
LOAD ..\obj\stm32f4xx_dac.o
LOAD ..\obj\startup_stm32f4xx.o
LOAD ..\obj\main.o
LOAD ..\obj\stm32f4xx_rcc.o
LOAD ..\obj\codec.o
LOAD ..\obj\stm32f4xx_adc.o
LOAD ..\obj\stm32f4xx_gpio.o
LOAD ..\obj\system_stm32f4xx.o
LOAD ..\obj\stm32f4xx_dma.o
LOAD ..\obj\stm32f4xx_spi.o
LOAD ..\obj\stm32f4xx_i2c.o
LOAD ..\obj\stm32f4xx_exti.o
LOAD ..\obj\misc.o
LOAD ..\obj\stm32f4xx_tim.o
START GROUP
LOAD c:/program files (x86)/gnu tools arm embedded/5.4 2016q3/bin/../lib/gcc/arm-none-eabi/5.4.1/armv7e-m\libgcc.a
LOAD c:/program files (x86)/gnu tools arm embedded/5.4 2016q3/bin/../lib/gcc/arm-none-eabi/5.4.1/../../../../arm-none-eabi/lib/armv7e-m\libg.a
LOAD c:/program files (x86)/gnu tools arm embedded/5.4 2016q3/bin/../lib/gcc/arm-none-eabi/5.4.1/../../../../arm-none-eabi/lib/armv7e-m\libc.a
END GROUP
OUTPUT(Theremin.elf elf32-littlearm)

.debug_info     0x00000000     0x6c10
 .debug_info    0x00000000      0x274 ..\obj\stm32f4xx_syscfg.o
 .debug_info    0x00000274       0xf2 ..\obj\startup_stm32f4xx.o
 .debug_info    0x00000366      0xdd0 ..\obj\main.o
 .debug_info    0x00001136      0xc63 ..\obj\stm32f4xx_rcc.o
 .debug_info    0x00001d99      0x773 ..\obj\codec.o
 .debug_info    0x0000250c      0x61a ..\obj\stm32f4xx_gpio.o
 .debug_info    0x00002b26      0x5c5 ..\obj\system_stm32f4xx.o
 .debug_info    0x000030eb      0xb0f ..\obj\stm32f4xx_spi.o
 .debug_info    0x00003bfa      0xb00 ..\obj\stm32f4xx_i2c.o
 .debug_info    0x000046fa      0x357 ..\obj\stm32f4xx_exti.o
 .debug_info    0x00004a51      0x556 ..\obj\misc.o
 .debug_info    0x00004fa7     0x1c69 ..\obj\stm32f4xx_tim.o

.debug_abbrev   0x00000000     0x11e0
 .debug_abbrev  0x00000000      0x133 ..\obj\stm32f4xx_syscfg.o
 .debug_abbrev  0x00000133       0xb0 ..\obj\startup_stm32f4xx.o
 .debug_abbrev  0x000001e3      0x214 ..\obj\main.o
 .debug_abbrev  0x000003f7      0x1e5 ..\obj\stm32f4xx_rcc.o
 .debug_abbrev  0x000005dc      0x1dd ..\obj\codec.o
 .debug_abbrev  0x000007b9      0x1a7 ..\obj\stm32f4xx_gpio.o
 .debug_abbrev  0x00000960      0x138 ..\obj\system_stm32f4xx.o
 .debug_abbrev  0x00000a98      0x169 ..\obj\stm32f4xx_spi.o
 .debug_abbrev  0x00000c01      0x166 ..\obj\stm32f4xx_i2c.o
 .debug_abbrev  0x00000d67      0x1a9 ..\obj\stm32f4xx_exti.o
 .debug_abbrev  0x00000f10      0x147 ..\obj\misc.o
 .debug_abbrev  0x00001057      0x189 ..\obj\stm32f4xx_tim.o

.debug_aranges  0x00000000      0x950
 .debug_aranges
                0x00000000       0x48 ..\obj\stm32f4xx_syscfg.o
 .debug_aranges
                0x00000048       0x28 ..\obj\startup_stm32f4xx.o
 .debug_aranges
                0x00000070       0xc0 ..\obj\main.o
 .debug_aranges
                0x00000130      0x178 ..\obj\stm32f4xx_rcc.o
 .debug_aranges
                0x000002a8       0x60 ..\obj\codec.o
 .debug_aranges
                0x00000308       0x88 ..\obj\stm32f4xx_gpio.o
 .debug_aranges
                0x00000390       0x30 ..\obj\system_stm32f4xx.o
 .debug_aranges
                0x000003c0       0xe0 ..\obj\stm32f4xx_spi.o
 .debug_aranges
                0x000004a0      0x120 ..\obj\stm32f4xx_i2c.o
 .debug_aranges
                0x000005c0       0x58 ..\obj\stm32f4xx_exti.o
 .debug_aranges
                0x00000618       0x40 ..\obj\misc.o
 .debug_aranges
                0x00000658      0x2f8 ..\obj\stm32f4xx_tim.o

.debug_ranges   0x00000000      0x890
 .debug_ranges  0x00000000       0x38 ..\obj\stm32f4xx_syscfg.o
 .debug_ranges  0x00000038       0x18 ..\obj\startup_stm32f4xx.o
 .debug_ranges  0x00000050       0xb0 ..\obj\main.o
 .debug_ranges  0x00000100      0x168 ..\obj\stm32f4xx_rcc.o
 .debug_ranges  0x00000268       0x50 ..\obj\codec.o
 .debug_ranges  0x000002b8       0x78 ..\obj\stm32f4xx_gpio.o
 .debug_ranges  0x00000330       0x20 ..\obj\system_stm32f4xx.o
 .debug_ranges  0x00000350       0xd0 ..\obj\stm32f4xx_spi.o
 .debug_ranges  0x00000420      0x110 ..\obj\stm32f4xx_i2c.o
 .debug_ranges  0x00000530       0x48 ..\obj\stm32f4xx_exti.o
 .debug_ranges  0x00000578       0x30 ..\obj\misc.o
 .debug_ranges  0x000005a8      0x2e8 ..\obj\stm32f4xx_tim.o

.debug_line     0x00000000     0x2e53
 .debug_line    0x00000000      0x20d ..\obj\stm32f4xx_syscfg.o
 .debug_line    0x0000020d       0x97 ..\obj\startup_stm32f4xx.o
 .debug_line    0x000002a4      0x43a ..\obj\main.o
 .debug_line    0x000006de      0x59d ..\obj\stm32f4xx_rcc.o
 .debug_line    0x00000c7b      0x3d6 ..\obj\codec.o
 .debug_line    0x00001051      0x358 ..\obj\stm32f4xx_gpio.o
 .debug_line    0x000013a9      0x1ee ..\obj\system_stm32f4xx.o
 .debug_line    0x00001597      0x451 ..\obj\stm32f4xx_spi.o
 .debug_line    0x000019e8      0x4e3 ..\obj\stm32f4xx_i2c.o
 .debug_line    0x00001ecb      0x299 ..\obj\stm32f4xx_exti.o
 .debug_line    0x00002164      0x236 ..\obj\misc.o
 .debug_line    0x0000239a      0xab9 ..\obj\stm32f4xx_tim.o

.debug_str      0x00000000     0x2d58
 .debug_str     0x00000000      0x28c ..\obj\stm32f4xx_syscfg.o
                                0x2ea (size before relaxing)
 .debug_str     0x0000028c       0xa6 ..\obj\startup_stm32f4xx.o
                                0x13d (size before relaxing)
 .debug_str     0x00000332      0xbe8 ..\obj\main.o
                                0xd85 (size before relaxing)
 .debug_str     0x00000f1a      0x632 ..\obj\stm32f4xx_rcc.o
                                0x846 (size before relaxing)
 .debug_str     0x0000154c      0x274 ..\obj\codec.o
                                0x5f2 (size before relaxing)
 .debug_str     0x000017c0      0x183 ..\obj\stm32f4xx_gpio.o
                                0x499 (size before relaxing)
 .debug_str     0x00001943      0x10e ..\obj\system_stm32f4xx.o
                                0x3a0 (size before relaxing)
 .debug_str     0x00001a51      0x328 ..\obj\stm32f4xx_spi.o
                                0x680 (size before relaxing)
 .debug_str     0x00001d79      0x336 ..\obj\stm32f4xx_i2c.o
                                0x65b (size before relaxing)
 .debug_str     0x000020af       0xe6 ..\obj\stm32f4xx_exti.o
                                0x34f (size before relaxing)
 .debug_str     0x00002195      0x147 ..\obj\misc.o
                                0x3c4 (size before relaxing)
 .debug_str     0x000022dc      0xa7c ..\obj\stm32f4xx_tim.o
                                0xdc6 (size before relaxing)

.comment        0x00000000       0x6e
 .comment       0x00000000       0x6e ..\obj\stm32f4xx_syscfg.o
                                 0x6f (size before relaxing)
 .comment       0x0000006e       0x6f ..\obj\startup_stm32f4xx.o
 .comment       0x0000006e       0x6f ..\obj\main.o
 .comment       0x0000006e       0x6f ..\obj\stm32f4xx_rcc.o
 .comment       0x0000006e       0x6f ..\obj\codec.o
 .comment       0x0000006e       0x6f ..\obj\stm32f4xx_gpio.o
 .comment       0x0000006e       0x6f ..\obj\system_stm32f4xx.o
 .comment       0x0000006e       0x6f ..\obj\stm32f4xx_spi.o
 .comment       0x0000006e       0x6f ..\obj\stm32f4xx_i2c.o
 .comment       0x0000006e       0x6f ..\obj\stm32f4xx_exti.o
 .comment       0x0000006e       0x6f ..\obj\misc.o
 .comment       0x0000006e       0x6f ..\obj\stm32f4xx_tim.o

.ARM.attributes
                0x00000000       0x33
 .ARM.attributes
                0x00000000       0x33 ..\obj\stm32f4xx_syscfg.o
 .ARM.attributes
                0x00000033       0x33 ..\obj\startup_stm32f4xx.o
 .ARM.attributes
                0x00000066       0x33 ..\obj\main.o
 .ARM.attributes
                0x00000099       0x33 ..\obj\stm32f4xx_rcc.o
 .ARM.attributes
                0x000000cc       0x33 ..\obj\codec.o
 .ARM.attributes
                0x000000ff       0x33 ..\obj\stm32f4xx_gpio.o
 .ARM.attributes
                0x00000132       0x33 ..\obj\system_stm32f4xx.o
 .ARM.attributes
                0x00000165       0x33 ..\obj\stm32f4xx_spi.o
 .ARM.attributes
                0x00000198       0x33 ..\obj\stm32f4xx_i2c.o
 .ARM.attributes
                0x000001cb       0x33 ..\obj\stm32f4xx_exti.o
 .ARM.attributes
                0x000001fe       0x33 ..\obj\misc.o
 .ARM.attributes
                0x00000231       0x33 ..\obj\stm32f4xx_tim.o
 .ARM.attributes
                0x00000264       0x1e c:/program files (x86)/gnu tools arm embedded/5.4 2016q3/bin/../lib/gcc/arm-none-eabi/5.4.1/armv7e-m\libgcc.a(_arm_addsubdf3.o)
 .ARM.attributes
                0x00000282       0x1e c:/program files (x86)/gnu tools arm embedded/5.4 2016q3/bin/../lib/gcc/arm-none-eabi/5.4.1/armv7e-m\libgcc.a(_arm_muldivdf3.o)
 .ARM.attributes
                0x000002a0       0x1e c:/program files (x86)/gnu tools arm embedded/5.4 2016q3/bin/../lib/gcc/arm-none-eabi/5.4.1/armv7e-m\libgcc.a(_arm_fixunsdfsi.o)
 .ARM.attributes
                0x000002be       0x1e c:/program files (x86)/gnu tools arm embedded/5.4 2016q3/bin/../lib/gcc/arm-none-eabi/5.4.1/armv7e-m\libgcc.a(_arm_addsubsf3.o)
 .ARM.attributes
                0x000002dc       0x1e c:/program files (x86)/gnu tools arm embedded/5.4 2016q3/bin/../lib/gcc/arm-none-eabi/5.4.1/armv7e-m\libgcc.a(_arm_muldivsf3.o)
 .ARM.attributes
                0x000002fa       0x1e c:/program files (x86)/gnu tools arm embedded/5.4 2016q3/bin/../lib/gcc/arm-none-eabi/5.4.1/armv7e-m\libgcc.a(_arm_fixsfsi.o)

.debug_frame    0x00000000     0x2884
 .debug_frame   0x00000000       0xf4 ..\obj\stm32f4xx_syscfg.o
 .debug_frame   0x000000f4       0x4c ..\obj\startup_stm32f4xx.o
 .debug_frame   0x00000140      0x2d8 ..\obj\main.o
 .debug_frame   0x00000418      0x6d4 ..\obj\stm32f4xx_rcc.o
 .debug_frame   0x00000aec      0x148 ..\obj\codec.o
 .debug_frame   0x00000c34      0x23c ..\obj\stm32f4xx_gpio.o
 .debug_frame   0x00000e70       0x7c ..\obj\system_stm32f4xx.o
 .debug_frame   0x00000eec      0x3f4 ..\obj\stm32f4xx_spi.o
 .debug_frame   0x000012e0      0x530 ..\obj\stm32f4xx_i2c.o
 .debug_frame   0x00001810      0x148 ..\obj\stm32f4xx_exti.o
 .debug_frame   0x00001958       0xd8 ..\obj\misc.o
 .debug_frame   0x00001a30      0xe54 ..\obj\stm32f4xx_tim.o
